2026-08-07 12:49:42,731 - MainThread - INFO - Available USB ports: ['/dev/ttyACM0']
2026-08-07 12:49:42,778 - MainThread - INFO - Pixhawk found on /dev/ttyACM0
2026-08-07 12:49:42,779 - MainThread - INFO - Arming motors ...
2026-08-07 12:49:43,786 - MainThread - INFO - Motor Armed!
2026-08-07 12:50:00,465 - Control - INFO - Mode set to : MANUAL
2026-08-07 12:50:00,665 - Control - INFO - Mode set to : MANUAL
2026-08-07 12:50:01,418 - Control - WARNING - Unknown Mode : HOLD
2026-08-07 12:50:01,871 - Control - INFO - Mode set to : STABILIZE
2026-08-07 12:50:02,323 - Control - INFO - Mode set to : ALT_HOLD
2026-08-07 12:50:02,775 - Control - INFO - Mode set to : MANUAL
2026-08-07 12:52:02,326 - MainThread - INFO - Available USB ports: ['/dev/ttyACM0']
2026-08-07 12:52:02,380 - MainThread - INFO - Pixhawk found on /dev/ttyACM0
2026-08-07 12:52:02,381 - MainThread - INFO - Arming motors ...
2026-08-07 12:52:03,388 - MainThread - INFO - Motor Armed!
2026-08-07 12:53:23,692 - MainThread - INFO - Available USB ports: ['/dev/ttyACM0']
2026-08-07 12:53:23,740 - MainThread - INFO - Pixhawk found on /dev/ttyACM0
2026-08-07 12:53:23,741 - MainThread - INFO - Arming motors ...
2026-08-07 12:53:24,748 - MainThread - INFO - Motor Armed!
2026-08-07 12:54:55,456 - MainThread - INFO - Available USB ports: ['/dev/ttyACM0']
2026-08-07 12:54:55,503 - MainThread - INFO - Pixhawk found on /dev/ttyACM0
2026-08-07 12:54:55,504 - MainThread - INFO - Arming motors ...
2026-08-07 12:54:56,512 - MainThread - INFO - Motor Armed!
2026-08-07 13:03:13,443 - MainThread - WARNING - No USB serial ports found (Pixhawk)
2026-08-07 13:03:13,463 - Control - WARNING - No USB serial ports found (Pixhawk)
2026-08-07 13:03:14,477 - Control - WARNING - No USB serial ports found (Pixhawk)
2026-08-07 13:03:15,490 - Control - WARNING - No USB serial ports found (Pixhawk)
2026-08-07 13:03:16,503 - Control - WARNING - No USB serial ports found (Pixhawk)
2026-08-07 13:03:17,517 - Control - WARNING - No USB serial ports found (Pixhawk)
2026-08-07 13:03:33,354 - MainThread - WARNING - No USB serial ports found (Pixhawk)
2026-08-07 13:03:33,375 - Control - WARNING - No USB serial ports found (Pixhawk)
2026-08-07 13:03:34,390 - Control - WARNING - No USB serial ports found (Pixhawk)
2026-08-07 13:03:35,403 - Control - WARNING - No USB serial ports found (Pixhawk)
2026-08-07 13:03:36,419 - Control - WARNING - No USB serial ports found (Pixhawk)
2026-08-07 13:03:37,432 - Control - WARNING - No USB serial ports found (Pixhawk)
2026-08-07 13:03:38,448 - Control - WARNING - No USB serial ports found (Pixhawk)
2026-08-07 13:03:39,469 - Control - WARNING - No USB serial ports found (Pixhawk)
2026-08-07 13:03:40,485 - Control - WARNING - No USB serial ports found (Pixhawk)
2026-08-07 13:03:41,498 - Control - WARNING - No USB serial ports found (Pixhawk)
2026-08-07 13:03:42,513 - Control - WARNING - No USB serial ports found (Pixhawk)
2026-08-07 13:03:43,527 - Control - WARNING - No USB serial ports found (Pixhawk)
2026-08-07 13:03:44,549 - Control - WARNING - No USB serial ports found (Pixhawk)
2026-08-07 13:03:45,562 - Control - WARNING - No USB serial ports found (Pixhawk)
2026-08-07 13:03:46,574 - Control - WARNING - No USB serial ports found (Pixhawk)
2026-08-07 13:03:47,588 - Control - WARNING - No USB serial ports found (Pixhawk)
2026-08-07 13:03:48,603 - Control - WARNING - No USB serial ports found (Pixhawk)
2026-08-07 13:03:49,616 - Control - WARNING - No USB serial ports found (Pixhawk)
2026-08-07 13:03:50,630 - Control - WARNING - No USB serial ports found (Pixhawk)
2026-08-07 13:03:51,645 - Control - WARNING - No USB serial ports found (Pixhawk)
2026-08-07 13:03:52,659 - Control - WARNING - No USB serial ports found (Pixhawk)
2026-08-07 13:03:53,672 - Control - WARNING - No USB serial ports found (Pixhawk)
2026-08-07 13:03:54,685 - Control - WARNING - No USB serial ports found (Pixhawk)
2026-08-07 13:03:55,699 - Control - WARNING - No USB serial ports found (Pixhawk)
2026-08-07 13:03:56,712 - Control - WARNING - No USB serial ports found (Pixhawk)
2026-08-07 13:03:57,726 - Control - WARNING - No USB serial ports found (Pixhawk)
2026-08-07 13:03:58,738 - Control - WARNING - No USB serial ports found (Pixhawk)
2026-08-07 13:03:59,753 - Control - WARNING - No USB serial ports found (Pixhawk)
2026-08-07 13:04:00,766 - Control - WARNING - No USB serial ports found (Pixhawk)
2026-08-07 13:04:01,780 - Control - WARNING - No USB serial ports found (Pixhawk)
2026-08-07 13:04:02,794 - Control - WARNING - No USB serial ports found (Pixhawk)
2026-08-07 13:04:03,807 - Control - WARNING - No USB serial ports found (Pixhawk)
2026-08-07 13:04:04,819 - Control - WARNING - No USB serial ports found (Pixhawk)
2026-08-07 13:04:05,834 - Control - WARNING - No USB serial ports found (Pixhawk)
2026-08-07 13:04:06,848 - Control - WARNING - No USB serial ports found (Pixhawk)
2026-08-07 13:04:07,861 - Control - WARNING - No USB serial ports found (Pixhawk)
2026-08-07 13:04:08,875 - Control - WARNING - No USB serial ports found (Pixhawk)
2026-08-07 13:04:09,888 - Control - WARNING - No USB serial ports found (Pixhawk)
2026-08-07 13:04:10,901 - Control - WARNING - No USB serial ports found (Pixhawk)
2026-08-07 13:04:11,914 - Control - WARNING - No USB serial ports found (Pixhawk)
2026-08-07 13:04:12,928 - Control - WARNING - No USB serial ports found (Pixhawk)
2026-08-07 13:04:13,940 - Control - WARNING - No USB serial ports found (Pixhawk)
2026-08-07 13:04:14,972 - Control - WARNING - No USB serial ports found (Pixhawk)
2026-08-07 13:04:15,985 - Control - WARNING - No USB serial ports found (Pixhawk)
2026-08-07 13:04:16,999 - Control - WARNING - No USB serial ports found (Pixhawk)
2026-08-07 13:04:18,012 - Control - WARNING - No USB serial ports found (Pixhawk)
2026-08-07 13:04:19,025 - Control - WARNING - No USB serial ports found (Pixhawk)
2026-08-07 13:04:20,038 - Control - WARNING - No USB serial ports found (Pixhawk)
2026-08-07 13:04:21,054 - Control - WARNING - No USB serial ports found (Pixhawk)
2026-08-07 13:04:22,068 - Control - WARNING - No USB serial ports found (Pixhawk)
2026-08-07 13:04:23,081 - Control - WARNING - No USB serial ports found (Pixhawk)
2026-08-07 13:04:24,095 - Control - WARNING - No USB serial ports found (Pixhawk)
2026-08-07 13:04:25,113 - Control - WARNING - No USB serial ports found (Pixhawk)
2026-08-07 13:04:26,126 - Control - WARNING - No USB serial ports found (Pixhawk)
2026-08-07 13:04:27,144 - Control - WARNING - No USB serial ports found (Pixhawk)
2026-08-07 13:04:28,163 - Control - WARNING - No USB serial ports found (Pixhawk)
2026-08-07 13:04:29,181 - Control - WARNING - No USB serial ports found (Pixhawk)
2026-08-07 13:04:30,196 - Control - WARNING - No USB serial ports found (Pixhawk)
2026-08-07 13:04:31,211 - Control - WARNING - No USB serial ports found (Pixhawk)
2026-08-07 13:04:32,229 - Control - WARNING - No USB serial ports found (Pixhawk)
2026-08-07 13:04:33,243 - Control - WARNING - No USB serial ports found (Pixhawk)
2026-08-07 13:04:34,259 - Control - WARNING - No USB serial ports found (Pixhawk)
2026-08-07 13:04:35,272 - Control - WARNING - No USB serial ports found (Pixhawk)
2026-08-07 13:04:36,287 - Control - WARNING - No USB serial ports found (Pixhawk)
2026-08-07 13:04:37,301 - Control - WARNING - No USB serial ports found (Pixhawk)
2026-08-07 13:04:38,315 - Control - WARNING - No USB serial ports found (Pixhawk)
2026-08-07 13:04:39,331 - Control - WARNING - No USB serial ports found (Pixhawk)
2026-08-07 13:04:40,346 - Control - WARNING - No USB serial ports found (Pixhawk)
2026-08-07 13:04:41,359 - Control - WARNING - No USB serial ports found (Pixhawk)
2026-08-07 13:04:42,378 - Control - WARNING - No USB serial ports found (Pixhawk)
2026-08-07 13:04:43,391 - Control - WARNING - No USB serial ports found (Pixhawk)
2026-08-07 13:04:44,404 - Control - WARNING - No USB serial ports found (Pixhawk)
2026-08-07 13:04:45,417 - Control - WARNING - No USB serial ports found (Pixhawk)
2026-08-07 13:04:46,430 - Control - WARNING - No USB serial ports found (Pixhawk)
2026-08-07 13:04:47,443 - Control - WARNING - No USB serial ports found (Pixhawk)
2026-08-07 13:04:48,457 - Control - WARNING - No USB serial ports found (Pixhawk)
2026-08-07 13:04:49,470 - Control - WARNING - No USB serial ports found (Pixhawk)
2026-08-07 13:04:50,486 - Control - WARNING - No USB serial ports found (Pixhawk)
2026-08-07 13:04:51,499 - Control - WARNING - No USB serial ports found (Pixhawk)
2026-08-07 13:04:52,514 - Control - WARNING - No USB serial ports found (Pixhawk)
2026-08-07 13:04:53,528 - Control - WARNING - No USB serial ports found (Pixhawk)
2026-08-07 13:04:54,544 - Control - WARNING - No USB serial ports found (Pixhawk)
2026-08-07 13:04:55,557 - Control - WARNING - No USB serial ports found (Pixhawk)
2026-08-07 13:04:56,573 - Control - WARNING - No USB serial ports found (Pixhawk)
2026-08-07 13:04:57,587 - Control - WARNING - No USB serial ports found (Pixhawk)
2026-08-07 13:04:58,602 - Control - WARNING - No USB serial ports found (Pixhawk)
2026-08-07 13:04:59,618 - Control - WARNING - No USB serial ports found (Pixhawk)
2026-08-07 13:05:00,634 - Control - WARNING - No USB serial ports found (Pixhawk)
2026-08-07 13:05:01,647 - Control - WARNING - No USB serial ports found (Pixhawk)
2026-08-07 13:05:02,659 - Control - WARNING - No USB serial ports found (Pixhawk)
2026-08-07 13:05:03,672 - Control - WARNING - No USB serial ports found (Pixhawk)
2026-08-07 13:05:04,686 - Control - WARNING - No USB serial ports found (Pixhawk)
2026-08-07 13:05:05,702 - Control - WARNING - No USB serial ports found (Pixhawk)
2026-08-07 13:05:06,718 - Control - WARNING - No USB serial ports found (Pixhawk)
2026-08-07 13:05:07,732 - Control - WARNING - No USB serial ports found (Pixhawk)
2026-08-07 13:05:08,745 - Control - WARNING - No USB serial ports found (Pixhawk)
2026-08-07 13:05:09,758 - Control - WARNING - No USB serial ports found (Pixhawk)
2026-08-07 13:05:10,774 - Control - WARNING - No USB serial ports found (Pixhawk)
2026-08-07 13:05:11,788 - Control - WARNING - No USB serial ports found (Pixhawk)
2026-08-07 13:05:12,804 - Control - WARNING - No USB serial ports found (Pixhawk)
2026-08-07 13:05:13,818 - Control - WARNING - No USB serial ports found (Pixhawk)
2026-08-07 13:05:14,832 - Control - WARNING - No USB serial ports found (Pixhawk)
2026-08-07 13:05:15,845 - Control - WARNING - No USB serial ports found (Pixhawk)
2026-08-07 13:05:16,859 - Control - WARNING - No USB serial ports found (Pixhawk)
2026-08-07 13:05:17,875 - Control - WARNING - No USB serial ports found (Pixhawk)
2026-08-07 13:05:18,889 - Control - WARNING - No USB serial ports found (Pixhawk)
2026-08-07 13:05:19,902 - Control - WARNING - No USB serial ports found (Pixhawk)
2026-08-07 13:05:20,918 - Control - WARNING - No USB serial ports found (Pixhawk)
2026-08-07 13:05:21,931 - Control - WARNING - No USB serial ports found (Pixhawk)
2026-08-07 13:05:22,945 - Control - WARNING - No USB serial ports found (Pixhawk)
2026-08-07 13:05:23,958 - Control - WARNING - No USB serial ports found (Pixhawk)
2026-08-07 13:05:24,972 - Control - WARNING - No USB serial ports found (Pixhawk)
2026-08-07 13:05:25,986 - Control - WARNING - No USB serial ports found (Pixhawk)
2026-08-07 13:05:26,999 - Control - WARNING - No USB serial ports found (Pixhawk)
2026-08-07 13:05:28,012 - Control - WARNING - No USB serial ports found (Pixhawk)
2026-08-07 13:05:29,026 - Control - WARNING - No USB serial ports found (Pixhawk)
2026-08-07 13:05:30,038 - Control - WARNING - No USB serial ports found (Pixhawk)
2026-08-07 13:05:31,052 - Control - WARNING - No USB serial ports found (Pixhawk)
2026-08-07 13:05:32,065 - Control - WARNING - No USB serial ports found (Pixhawk)
2026-08-07 13:05:33,079 - Control - WARNING - No USB serial ports found (Pixhawk)
2026-08-07 13:05:34,094 - Control - WARNING - No USB serial ports found (Pixhawk)
2026-08-07 13:05:35,108 - Control - WARNING - No USB serial ports found (Pixhawk)
2026-08-07 13:05:36,121 - Control - WARNING - No USB serial ports found (Pixhawk)
2026-08-07 13:05:37,135 - Control - WARNING - No USB serial ports found (Pixhawk)
2026-08-07 13:05:38,147 - Control - WARNING - No USB serial ports found (Pixhawk)
2026-08-07 13:05:39,160 - Control - WARNING - No USB serial ports found (Pixhawk)
2026-08-07 13:05:40,174 - Control - WARNING - No USB serial ports found (Pixhawk)
2026-08-07 13:05:41,188 - Control - WARNING - No USB serial ports found (Pixhawk)
2026-08-07 13:05:42,201 - Control - WARNING - No USB serial ports found (Pixhawk)
2026-08-07 13:05:43,215 - Control - WARNING - No USB serial ports found (Pixhawk)
2026-08-07 13:05:44,229 - Control - WARNING - No USB serial ports found (Pixhawk)
2026-08-07 13:05:45,242 - Control - WARNING - No USB serial ports found (Pixhawk)
2026-08-07 13:05:46,256 - Control - WARNING - No USB serial ports found (Pixhawk)
2026-08-07 13:05:47,269 - Control - WARNING - No USB serial ports found (Pixhawk)
2026-08-07 13:05:48,283 - Control - WARNING - No USB serial ports found (Pixhawk)
2026-08-07 13:05:49,298 - Control - WARNING - No USB serial ports found (Pixhawk)
2026-08-07 13:05:50,313 - Control - WARNING - No USB serial ports found (Pixhawk)
2026-08-07 13:05:51,328 - Control - WARNING - No USB serial ports found (Pixhawk)
2026-08-07 13:05:52,341 - Control - WARNING - No USB serial ports found (Pixhawk)
2026-08-07 13:05:59,294 - MainThread - WARNING - No USB serial ports found (Pixhawk)
2026-08-07 13:05:59,313 - Control - WARNING - No USB serial ports found (Pixhawk)
2026-08-07 13:06:00,327 - Control - WARNING - No USB serial ports found (Pixhawk)
2026-08-07 13:06:01,341 - Control - WARNING - No USB serial ports found (Pixhawk)
2026-08-07 13:06:02,355 - Control - WARNING - No USB serial ports found (Pixhawk)
2026-08-07 13:06:03,369 - Control - WARNING - No USB serial ports found (Pixhawk)
2026-08-07 13:06:04,382 - Control - WARNING - No USB serial ports found (Pixhawk)
2026-08-07 13:06:05,399 - Control - WARNING - No USB serial ports found (Pixhawk)
2026-08-07 13:06:06,414 - Control - WARNING - No USB serial ports found (Pixhawk)
2026-08-07 13:06:07,427 - Control - WARNING - No USB serial ports found (Pixhawk)
2026-08-07 13:06:08,440 - Control - WARNING - No USB serial ports found (Pixhawk)
2026-08-07 13:06:09,454 - Control - WARNING - No USB serial ports found (Pixhawk)
2026-08-07 13:06:10,467 - Control - WARNING - No USB serial ports found (Pixhawk)
2026-08-07 13:06:11,481 - Control - WARNING - No USB serial ports found (Pixhawk)
2026-08-07 13:06:12,495 - Control - WARNING - No USB serial ports found (Pixhawk)
2026-08-07 13:06:13,510 - Control - WARNING - No USB serial ports found (Pixhawk)
2026-08-07 13:06:14,524 - Control - WARNING - No USB serial ports found (Pixhawk)
2026-08-07 13:06:15,537 - Control - WARNING - No USB serial ports found (Pixhawk)
2026-08-07 13:06:16,558 - Control - WARNING - No USB serial ports found (Pixhawk)
2026-08-07 13:06:17,574 - Control - WARNING - No USB serial ports found (Pixhawk)
2026-08-07 13:06:18,592 - Control - WARNING - No USB serial ports found (Pixhawk)
2026-08-07 13:06:19,605 - Control - WARNING - No USB serial ports found (Pixhawk)
2026-08-07 13:06:20,621 - Control - WARNING - No USB serial ports found (Pixhawk)
2026-08-07 13:06:21,634 - Control - WARNING - No USB serial ports found (Pixhawk)
2026-08-07 13:06:22,650 - Control - WARNING - No USB serial ports found (Pixhawk)
2026-08-07 13:06:23,664 - Control - WARNING - No USB serial ports found (Pixhawk)
2026-08-07 13:06:24,677 - Control - WARNING - No USB serial ports found (Pixhawk)
2026-08-07 13:06:25,692 - Control - WARNING - No USB serial ports found (Pixhawk)
2026-08-07 13:06:26,707 - Control - WARNING - No USB serial ports found (Pixhawk)
2026-08-07 13:06:27,724 - Control - WARNING - No USB serial ports found (Pixhawk)
2026-08-07 13:06:28,737 - Control - WARNING - No USB serial ports found (Pixhawk)
2026-08-07 13:06:29,752 - Control - WARNING - No USB serial ports found (Pixhawk)
2026-08-07 13:06:30,767 - Control - WARNING - No USB serial ports found (Pixhawk)
2026-08-07 13:06:31,780 - Control - WARNING - No USB serial ports found (Pixhawk)
2026-08-07 13:06:32,796 - Control - WARNING - No USB serial ports found (Pixhawk)
2026-08-07 13:06:33,809 - Control - WARNING - No USB serial ports found (Pixhawk)
2026-08-07 13:06:34,825 - Control - WARNING - No USB serial ports found (Pixhawk)
2026-08-07 13:06:35,838 - Control - WARNING - No USB serial ports found (Pixhawk)
2026-08-07 13:06:36,854 - Control - WARNING - No USB serial ports found (Pixhawk)
2026-08-07 13:06:37,867 - Control - WARNING - No USB serial ports found (Pixhawk)
2026-08-07 13:06:38,881 - Control - WARNING - No USB serial ports found (Pixhawk)
2026-08-07 13:06:39,895 - Control - WARNING - No USB serial ports found (Pixhawk)
2026-08-07 13:06:40,909 - Control - WARNING - No USB serial ports found (Pixhawk)
2026-08-07 13:06:41,920 - Control - WARNING - No USB serial ports found (Pixhawk)
2026-08-07 13:06:42,933 - Control - WARNING - No USB serial ports found (Pixhawk)
2026-08-07 13:06:43,947 - Control - WARNING - No USB serial ports found (Pixhawk)
2026-08-07 13:06:44,961 - Control - WARNING - No USB serial ports found (Pixhawk)
2026-08-07 13:06:45,973 - Control - WARNING - No USB serial ports found (Pixhawk)
2026-08-07 13:06:46,987 - Control - WARNING - No USB serial ports found (Pixhawk)
2026-08-07 13:06:48,000 - Control - WARNING - No USB serial ports found (Pixhawk)
2026-08-07 13:06:49,014 - Control - WARNING - No USB serial ports found (Pixhawk)
2026-08-07 13:06:50,096 - Control - WARNING - No USB serial ports found (Pixhawk)
2026-08-07 13:06:51,110 - Control - WARNING - No USB serial ports found (Pixhawk)
2026-08-07 13:06:52,123 - Control - WARNING - No USB serial ports found (Pixhawk)
2026-08-07 13:06:53,138 - Control - WARNING - No USB serial ports found (Pixhawk)
2026-08-07 13:06:54,151 - Control - WARNING - No USB serial ports found (Pixhawk)
2026-08-07 13:06:55,165 - Control - WARNING - No USB serial ports found (Pixhawk)
2026-08-07 13:06:56,180 - Control - WARNING - No USB serial ports found (Pixhawk)
2026-08-07 13:06:57,193 - Control - WARNING - No USB serial ports found (Pixhawk)
2026-08-07 13:06:58,208 - Control - WARNING - No USB serial ports found (Pixhawk)
2026-08-07 13:06:59,221 - Control - WARNING - No USB serial ports found (Pixhawk)
2026-08-07 13:07:00,234 - Control - WARNING - No USB serial ports found (Pixhawk)
2026-08-07 13:07:01,248 - Control - WARNING - No USB serial ports found (Pixhawk)
2026-08-07 13:07:02,260 - Control - WARNING - No USB serial ports found (Pixhawk)
2026-08-07 13:07:03,274 - Control - WARNING - No USB serial ports found (Pixhawk)
2026-08-07 13:07:34,433 - MainThread - WARNING - No USB serial ports found (Pixhawk)
2026-08-07 13:07:34,452 - Control - WARNING - No USB serial ports found (Pixhawk)
2026-08-07 13:07:35,464 - Control - WARNING - No USB serial ports found (Pixhawk)
2026-08-07 13:07:36,482 - Control - WARNING - No USB serial ports found (Pixhawk)
2026-08-07 13:07:37,497 - Control - WARNING - No USB serial ports found (Pixhawk)
2026-08-07 13:07:38,514 - Control - WARNING - No USB serial ports found (Pixhawk)
2026-08-07 13:07:39,530 - Control - WARNING - No USB serial ports found (Pixhawk)
2026-08-07 13:07:40,545 - Control - WARNING - No USB serial ports found (Pixhawk)
2026-08-07 13:07:41,559 - Control - WARNING - No USB serial ports found (Pixhawk)
2026-08-07 13:07:42,573 - Control - WARNING - No USB serial ports found (Pixhawk)
2026-08-07 13:07:43,591 - Control - WARNING - No USB serial ports found (Pixhawk)
2026-08-07 13:07:44,604 - Control - WARNING - No USB serial ports found (Pixhawk)
2026-08-07 13:07:45,618 - Control - WARNING - No USB serial ports found (Pixhawk)
2026-08-07 13:07:46,632 - Control - WARNING - No USB serial ports found (Pixhawk)
2026-08-07 13:07:47,647 - Control - WARNING - No USB serial ports found (Pixhawk)
2026-08-07 13:07:48,662 - Control - WARNING - No USB serial ports found (Pixhawk)
2026-08-07 13:07:49,675 - Control - WARNING - No USB serial ports found (Pixhawk)
2026-08-07 13:07:50,703 - Control - WARNING - No USB serial ports found (Pixhawk)
2026-08-07 13:07:51,717 - Control - WARNING - No USB serial ports found (Pixhawk)
2026-08-07 13:07:52,733 - Control - WARNING - No USB serial ports found (Pixhawk)
2026-08-07 13:07:53,747 - Control - WARNING - No USB serial ports found (Pixhawk)
2026-08-07 13:07:54,762 - Control - WARNING - No USB serial ports found (Pixhawk)
2026-08-07 13:07:55,778 - Control - WARNING - No USB serial ports found (Pixhawk)
2026-08-07 13:07:56,792 - Control - WARNING - No USB serial ports found (Pixhawk)
2026-08-07 13:07:57,808 - Control - WARNING - No USB serial ports found (Pixhawk)
2026-08-07 13:07:58,823 - Control - WARNING - No USB serial ports found (Pixhawk)
2026-08-07 13:07:59,836 - Control - WARNING - No USB serial ports found (Pixhawk)
2026-08-07 13:08:00,852 - Control - WARNING - No USB serial ports found (Pixhawk)
2026-08-07 13:08:01,865 - Control - WARNING - No USB serial ports found (Pixhawk)
2026-08-07 13:08:02,879 - Control - WARNING - No USB serial ports found (Pixhawk)
2026-08-07 13:08:03,905 - Control - WARNING - No USB serial ports found (Pixhawk)
2026-08-07 13:08:04,931 - Control - WARNING - No USB serial ports found (Pixhawk)
2026-08-07 13:08:05,946 - Control - WARNING - No USB serial ports found (Pixhawk)
2026-08-07 13:08:06,960 - Control - WARNING - No USB serial ports found (Pixhawk)
2026-08-07 13:08:07,975 - Control - WARNING - No USB serial ports found (Pixhawk)
2026-08-07 13:08:08,990 - Control - WARNING - No USB serial ports found (Pixhawk)
2026-08-07 13:08:10,004 - Control - WARNING - No USB serial ports found (Pixhawk)
2026-08-07 13:08:11,019 - Control - WARNING - No USB serial ports found (Pixhawk)
2026-08-07 13:08:12,048 - Control - WARNING - No USB serial ports found (Pixhawk)
2026-08-07 13:08:13,088 - Control - WARNING - No USB serial ports found (Pixhawk)
2026-08-07 13:08:14,101 - Control - WARNING - No USB serial ports found (Pixhawk)
2026-08-07 13:08:15,115 - Control - WARNING - No USB serial ports found (Pixhawk)
2026-08-07 13:08:16,128 - Control - WARNING - No USB serial ports found (Pixhawk)
2026-08-07 13:08:17,142 - Control - WARNING - No USB serial ports found (Pixhawk)
2026-08-07 13:08:18,154 - Control - WARNING - No USB serial ports found (Pixhawk)
2026-08-07 13:08:19,168 - Control - WARNING - No USB serial ports found (Pixhawk)
2026-08-07 13:08:20,181 - Control - WARNING - No USB serial ports found (Pixhawk)
2026-08-07 13:08:21,194 - Control - WARNING - No USB serial ports found (Pixhawk)
2026-08-07 13:08:22,207 - Control - WARNING - No USB serial ports found (Pixhawk)
2026-08-07 13:08:23,220 - Control - WARNING - No USB serial ports found (Pixhawk)
2026-08-07 13:08:24,233 - Control - WARNING - No USB serial ports found (Pixhawk)
2026-08-07 13:08:25,247 - Control - WARNING - No USB serial ports found (Pixhawk)
2026-08-07 13:08:26,260 - Control - WARNING - No USB serial ports found (Pixhawk)
2026-08-07 13:08:27,273 - Control - WARNING - No USB serial ports found (Pixhawk)
2026-08-07 13:08:28,286 - Control - WARNING - No USB serial ports found (Pixhawk)
2026-08-07 13:08:29,300 - Control - WARNING - No USB serial ports found (Pixhawk)
2026-08-07 13:08:30,313 - Control - WARNING - No USB serial ports found (Pixhawk)
2026-08-07 13:08:31,326 - Control - WARNING - No USB serial ports found (Pixhawk)
2026-08-07 13:08:32,339 - Control - WARNING - No USB serial ports found (Pixhawk)
2026-08-07 13:08:33,353 - Control - WARNING - No USB serial ports found (Pixhawk)
2026-08-07 13:08:34,366 - Control - WARNING - No USB serial ports found (Pixhawk)
2026-08-07 13:08:35,379 - Control - WARNING - No USB serial ports found (Pixhawk)
2026-08-07 13:08:36,393 - Control - WARNING - No USB serial ports found (Pixhawk)
2026-08-07 13:08:37,406 - Control - WARNING - No USB serial ports found (Pixhawk)
2026-08-07 13:08:38,421 - Control - WARNING - No USB serial ports found (Pixhawk)
2026-08-07 13:08:39,434 - Control - WARNING - No USB serial ports found (Pixhawk)
2026-08-07 13:08:40,447 - Control - WARNING - No USB serial ports found (Pixhawk)
2026-08-07 13:08:41,462 - Control - WARNING - No USB serial ports found (Pixhawk)
2026-08-07 13:08:42,475 - Control - WARNING - No USB serial ports found (Pixhawk)
2026-08-07 13:08:43,489 - Control - WARNING - No USB serial ports found (Pixhawk)
2026-08-07 13:08:44,503 - Control - WARNING - No USB serial ports found (Pixhawk)
2026-08-07 13:08:45,516 - Control - WARNING - No USB serial ports found (Pixhawk)
2026-08-07 13:08:46,530 - Control - WARNING - No USB serial ports found (Pixhawk)
2026-08-07 13:08:47,543 - Control - WARNING - No USB serial ports found (Pixhawk)
2026-08-07 13:08:48,556 - Control - WARNING - No USB serial ports found (Pixhawk)
2026-08-07 13:08:49,569 - Control - WARNING - No USB serial ports found (Pixhawk)
2026-08-07 13:08:50,584 - Control - WARNING - No USB serial ports found (Pixhawk)
2026-08-07 13:08:51,597 - Control - WARNING - No USB serial ports found (Pixhawk)
2026-08-07 13:08:52,610 - Control - WARNING - No USB serial ports found (Pixhawk)
2026-08-07 13:08:53,625 - Control - WARNING - No USB serial ports found (Pixhawk)
2026-08-07 13:08:54,638 - Control - WARNING - No USB serial ports found (Pixhawk)
2026-08-07 13:08:55,651 - Control - WARNING - No USB serial ports found (Pixhawk)
2026-08-07 13:08:56,663 - Control - WARNING - No USB serial ports found (Pixhawk)
2026-08-07 13:08:57,677 - Control - WARNING - No USB serial ports found (Pixhawk)
2026-08-07 13:08:58,690 - Control - WARNING - No USB serial ports found (Pixhawk)
2026-08-07 13:08:59,703 - Control - WARNING - No USB serial ports found (Pixhawk)
2026-08-07 13:09:00,716 - Control - WARNING - No USB serial ports found (Pixhawk)
2026-08-07 13:09:01,729 - Control - WARNING - No USB serial ports found (Pixhawk)
2026-08-07 13:09:02,743 - Control - WARNING - No USB serial ports found (Pixhawk)
2026-08-07 13:09:03,756 - Control - WARNING - No USB serial ports found (Pixhawk)
2026-08-07 13:09:04,770 - Control - WARNING - No USB serial ports found (Pixhawk)
2026-08-07 13:09:05,783 - Control - WARNING - No USB serial ports found (Pixhawk)
2026-08-07 13:09:06,796 - Control - WARNING - No USB serial ports found (Pixhawk)
2026-08-07 13:09:07,809 - Control - WARNING - No USB serial ports found (Pixhawk)
2026-08-07 13:09:08,822 - Control - WARNING - No USB serial ports found (Pixhawk)
2026-08-07 13:09:09,835 - Control - WARNING - No USB serial ports found (Pixhawk)
2026-08-07 13:09:10,850 - Control - WARNING - No USB serial ports found (Pixhawk)
2026-08-07 13:09:11,863 - Control - WARNING - No USB serial ports found (Pixhawk)
2026-08-07 13:09:12,887 - Control - WARNING - No USB serial ports found (Pixhawk)
2026-08-07 13:09:13,899 - Control - WARNING - No USB serial ports found (Pixhawk)
2026-08-07 13:09:14,910 - Control - WARNING - No USB serial ports found (Pixhawk)
2026-08-07 13:09:15,921 - Control - WARNING - No USB serial ports found (Pixhawk)
2026-08-07 13:09:16,946 - Control - WARNING - No USB serial ports found (Pixhawk)
2026-08-07 13:09:17,958 - Control - WARNING - No USB serial ports found (Pixhawk)
2026-08-07 13:09:18,970 - Control - WARNING - No USB serial ports found (Pixhawk)
2026-08-07 13:09:19,990 - Control - WARNING - No USB serial ports found (Pixhawk)
2026-08-07 13:09:21,006 - Control - WARNING - No USB serial ports found (Pixhawk)
2026-08-07 13:09:22,018 - Control - WARNING - No USB serial ports found (Pixhawk)
2026-08-07 13:09:23,031 - Control - WARNING - No USB serial ports found (Pixhawk)
2026-08-07 13:09:24,044 - Control - WARNING - No USB serial ports found (Pixhawk)
2026-08-07 13:09:25,057 - Control - WARNING - No USB serial ports found (Pixhawk)
2026-08-07 13:09:26,070 - Control - WARNING - No USB serial ports found (Pixhawk)
2026-08-07 13:09:27,085 - Control - WARNING - No USB serial ports found (Pixhawk)
2026-08-07 13:09:28,107 - Control - WARNING - No USB serial ports found (Pixhawk)
2026-08-07 13:09:29,118 - Control - WARNING - No USB serial ports found (Pixhawk)
2026-08-07 13:09:30,136 - Control - WARNING - No USB serial ports found (Pixhawk)
2026-08-07 13:09:31,156 - Control - WARNING - No USB serial ports found (Pixhawk)
2026-08-07 13:09:32,168 - Control - WARNING - No USB serial ports found (Pixhawk)
2026-08-07 13:09:33,190 - Control - WARNING - No USB serial ports found (Pixhawk)
2026-08-07 13:09:34,203 - Control - WARNING - No USB serial ports found (Pixhawk)
2026-08-07 13:09:35,215 - Control - WARNING - No USB serial ports found (Pixhawk)
2026-08-07 13:09:36,228 - Control - WARNING - No USB serial ports found (Pixhawk)
2026-08-07 13:09:37,242 - Control - WARNING - No USB serial ports found (Pixhawk)
2026-08-07 13:09:38,254 - Control - WARNING - No USB serial ports found (Pixhawk)
2026-08-07 13:09:39,267 - Control - WARNING - No USB serial ports found (Pixhawk)
2026-08-07 13:09:40,281 - Control - WARNING - No USB serial ports found (Pixhawk)
2026-08-07 13:09:41,295 - Control - WARNING - No USB serial ports found (Pixhawk)
2026-08-07 13:09:42,308 - Control - WARNING - No USB serial ports found (Pixhawk)
2026-08-07 13:09:43,320 - Control - WARNING - No USB serial ports found (Pixhawk)
2026-08-07 13:09:44,333 - Control - WARNING - No USB serial ports found (Pixhawk)
2026-08-07 13:09:45,346 - Control - WARNING - No USB serial ports found (Pixhawk)
2026-08-07 13:09:49,555 - MainThread - WARNING - No USB serial ports found (Pixhawk)
2026-08-07 13:09:49,576 - Control - WARNING - No USB serial ports found (Pixhawk)
2026-08-07 13:09:50,590 - Control - WARNING - No USB serial ports found (Pixhawk)
2026-08-07 13:09:51,604 - Control - WARNING - No USB serial ports found (Pixhawk)
2026-08-07 13:09:52,617 - Control - WARNING - No USB serial ports found (Pixhawk)
2026-08-07 13:09:53,633 - Control - WARNING - No USB serial ports found (Pixhawk)
2026-08-07 13:09:54,649 - Control - WARNING - No USB serial ports found (Pixhawk)
2026-08-07 13:09:55,663 - Control - WARNING - No USB serial ports found (Pixhawk)
2026-08-07 13:09:56,677 - Control - WARNING - No USB serial ports found (Pixhawk)
2026-08-07 13:09:57,689 - Control - WARNING - No USB serial ports found (Pixhawk)
2026-08-07 13:09:58,705 - Control - WARNING - No USB serial ports found (Pixhawk)
2026-08-07 13:09:59,719 - Control - WARNING - No USB serial ports found (Pixhawk)
2026-08-07 13:10:00,733 - Control - WARNING - No USB serial ports found (Pixhawk)
2026-08-07 13:10:01,746 - Control - WARNING - No USB serial ports found (Pixhawk)
2026-08-07 13:10:02,759 - Control - WARNING - No USB serial ports found (Pixhawk)
2026-08-07 13:10:03,778 - Control - WARNING - No USB serial ports found (Pixhawk)
2026-08-07 13:10:04,792 - Control - WARNING - No USB serial ports found (Pixhawk)
2026-08-07 13:10:05,808 - Control - WARNING - No USB serial ports found (Pixhawk)
2026-08-07 13:10:06,822 - Control - WARNING - No USB serial ports found (Pixhawk)
2026-08-07 13:10:07,835 - Control - WARNING - No USB serial ports found (Pixhawk)
2026-08-07 13:10:08,847 - Control - WARNING - No USB serial ports found (Pixhawk)
2026-08-07 13:10:09,860 - Control - WARNING - No USB serial ports found (Pixhawk)
2026-08-07 13:10:10,893 - Control - WARNING - No USB serial ports found (Pixhawk)
2026-08-07 13:10:11,906 - Control - WARNING - No USB serial ports found (Pixhawk)
2026-08-07 13:10:12,932 - Control - WARNING - No USB serial ports found (Pixhawk)
2026-08-07 13:10:13,946 - Control - WARNING - No USB serial ports found (Pixhawk)
2026-08-07 13:10:14,961 - Control - WARNING - No USB serial ports found (Pixhawk)
2026-08-07 13:10:15,974 - Control - WARNING - No USB serial ports found (Pixhawk)
2026-08-07 13:10:16,990 - Control - WARNING - No USB serial ports found (Pixhawk)
2026-08-07 13:10:18,004 - Control - WARNING - No USB serial ports found (Pixhawk)
2026-08-07 13:10:19,016 - Control - WARNING - No USB serial ports found (Pixhawk)
2026-08-07 13:10:20,030 - Control - WARNING - No USB serial ports found (Pixhawk)
2026-08-07 13:10:21,043 - Control - WARNING - No USB serial ports found (Pixhawk)
2026-08-07 13:10:22,057 - Control - WARNING - No USB serial ports found (Pixhawk)
2026-08-07 13:10:23,080 - Control - WARNING - No USB serial ports found (Pixhawk)
2026-08-07 13:10:24,095 - Control - WARNING - No USB serial ports found (Pixhawk)
2026-08-07 13:10:25,110 - Control - WARNING - No USB serial ports found (Pixhawk)
2026-08-07 13:10:26,123 - Control - WARNING - No USB serial ports found (Pixhawk)
2026-08-07 13:10:27,136 - Control - WARNING - No USB serial ports found (Pixhawk)
2026-08-07 13:10:28,149 - Control - WARNING - No USB serial ports found (Pixhawk)
2026-08-07 13:10:29,162 - Control - WARNING - No USB serial ports found (Pixhawk)
2026-08-07 13:10:30,177 - Control - WARNING - No USB serial ports found (Pixhawk)
2026-08-07 13:10:31,190 - Control - WARNING - No USB serial ports found (Pixhawk)
2026-08-07 13:10:32,205 - Control - WARNING - No USB serial ports found (Pixhawk)
2026-08-07 13:10:33,218 - Control - WARNING - No USB serial ports found (Pixhawk)
2026-08-07 13:10:34,231 - Control - WARNING - No USB serial ports found (Pixhawk)
2026-08-07 13:10:35,243 - Control - WARNING - No USB serial ports found (Pixhawk)
2026-08-07 13:10:36,255 - Control - WARNING - No USB serial ports found (Pixhawk)
2026-08-07 13:10:37,269 - Control - WARNING - No USB serial ports found (Pixhawk)
2026-08-07 13:10:38,280 - Control - WARNING - No USB serial ports found (Pixhawk)
2026-08-07 13:10:39,293 - Control - WARNING - No USB serial ports found (Pixhawk)
2026-08-07 13:10:40,307 - Control - WARNING - No USB serial ports found (Pixhawk)
2026-08-07 13:10:41,320 - Control - WARNING - No USB serial ports found (Pixhawk)
2026-08-07 13:10:42,333 - Control - WARNING - No USB serial ports found (Pixhawk)
2026-08-07 13:10:43,346 - Control - WARNING - No USB serial ports found (Pixhawk)
2026-08-07 13:10:44,360 - Control - WARNING - No USB serial ports found (Pixhawk)
2026-08-07 13:10:45,373 - Control - WARNING - No USB serial ports found (Pixhawk)
2026-08-07 13:10:46,386 - Control - WARNING - No USB serial ports found (Pixhawk)
2026-08-07 13:10:47,399 - Control - WARNING - No USB serial ports found (Pixhawk)
2026-08-07 13:10:48,412 - Control - WARNING - No USB serial ports found (Pixhawk)
2026-08-07 13:10:49,426 - Control - WARNING - No USB serial ports found (Pixhawk)
2026-08-07 13:10:50,442 - Control - WARNING - No USB serial ports found (Pixhawk)
2026-08-07 13:10:51,455 - Control - WARNING - No USB serial ports found (Pixhawk)
2026-08-07 13:10:52,470 - Control - WARNING - No USB serial ports found (Pixhawk)
2026-08-07 13:10:53,484 - Control - WARNING - No USB serial ports found (Pixhawk)
2026-08-07 13:10:54,498 - Control - WARNING - No USB serial ports found (Pixhawk)
2026-08-07 13:10:55,514 - Control - WARNING - No USB serial ports found (Pixhawk)
2026-08-07 13:10:56,527 - Control - WARNING - No USB serial ports found (Pixhawk)
2026-08-07 13:10:57,541 - Control - WARNING - No USB serial ports found (Pixhawk)
2026-08-07 13:10:58,554 - Control - WARNING - No USB serial ports found (Pixhawk)
2026-08-07 13:10:59,569 - Control - WARNING - No USB serial ports found (Pixhawk)
2026-08-07 13:11:00,583 - Control - WARNING - No USB serial ports found (Pixhawk)
2026-08-07 13:11:01,597 - Control - WARNING - No USB serial ports found (Pixhawk)
2026-08-07 13:11:02,610 - Control - WARNING - No USB serial ports found (Pixhawk)
2026-08-07 13:11:03,625 - Control - WARNING - No USB serial ports found (Pixhawk)
2026-08-07 13:11:04,639 - Control - WARNING - No USB serial ports found (Pixhawk)
2026-08-07 13:11:05,653 - Control - WARNING - No USB serial ports found (Pixhawk)
2026-08-07 13:11:06,667 - Control - WARNING - No USB serial ports found (Pixhawk)
2026-08-07 13:11:07,680 - Control - WARNING - No USB serial ports found (Pixhawk)
2026-08-07 13:11:08,694 - Control - WARNING - No USB serial ports found (Pixhawk)
2026-08-07 13:11:09,706 - Control - WARNING - No USB serial ports found (Pixhawk)
2026-08-07 13:11:10,721 - Control - WARNING - No USB serial ports found (Pixhawk)
2026-08-07 13:11:11,735 - Control - WARNING - No USB serial ports found (Pixhawk)
2026-08-07 13:11:12,748 - Control - WARNING - No USB serial ports found (Pixhawk)
2026-08-07 13:11:13,763 - Control - WARNING - No USB serial ports found (Pixhawk)
2026-08-07 13:11:14,776 - Control - WARNING - No USB serial ports found (Pixhawk)
2026-08-07 13:11:15,789 - Control - WARNING - No USB serial ports found (Pixhawk)
2026-08-07 13:11:16,802 - Control - WARNING - No USB serial ports found (Pixhawk)
2026-08-07 13:11:17,815 - Control - WARNING - No USB serial ports found (Pixhawk)
2026-08-07 13:11:18,828 - Control - WARNING - No USB serial ports found (Pixhawk)
2026-08-07 13:11:19,843 - Control - WARNING - No USB serial ports found (Pixhawk)
2026-08-07 13:15:40,522 - MainThread - WARNING - No USB serial ports found (Pixhawk)
2026-08-07 13:15:40,542 - Control - WARNING - No USB serial ports found (Pixhawk)
2026-08-07 13:15:41,558 - Control - WARNING - No USB serial ports found (Pixhawk)
2026-08-07 13:15:42,572 - Control - WARNING - No USB serial ports found (Pixhawk)
2026-08-07 13:15:43,588 - Control - WARNING - No USB serial ports found (Pixhawk)
2026-08-07 13:15:44,601 - Control - WARNING - No USB serial ports found (Pixhawk)
2026-08-07 13:15:45,618 - Control - WARNING - No USB serial ports found (Pixhawk)
2026-08-07 13:15:46,634 - Control - WARNING - No USB serial ports found (Pixhawk)
2026-08-07 13:15:47,651 - Control - WARNING - No USB serial ports found (Pixhawk)
2026-08-07 13:15:48,664 - Control - WARNING - No USB serial ports found (Pixhawk)
2026-08-07 13:15:49,680 - Control - WARNING - No USB serial ports found (Pixhawk)
2026-08-07 13:15:50,694 - Control - WARNING - No USB serial ports found (Pixhawk)
2026-08-07 13:15:51,708 - Control - WARNING - No USB serial ports found (Pixhawk)
2026-08-07 13:15:52,724 - Control - WARNING - No USB serial ports found (Pixhawk)
2026-08-07 13:15:53,738 - Control - WARNING - No USB serial ports found (Pixhawk)
2026-08-07 13:15:54,749 - Control - WARNING - No USB serial ports found (Pixhawk)
2026-08-07 13:15:55,760 - Control - WARNING - No USB serial ports found (Pixhawk)
2026-08-07 13:15:56,772 - Control - WARNING - No USB serial ports found (Pixhawk)
2026-08-07 13:15:57,786 - Control - WARNING - No USB serial ports found (Pixhawk)
2026-08-07 13:15:58,801 - Control - WARNING - No USB serial ports found (Pixhawk)
2026-08-07 13:15:59,815 - Control - WARNING - No USB serial ports found (Pixhawk)
2026-08-07 13:16:00,832 - Control - WARNING - No USB serial ports found (Pixhawk)
2026-08-07 13:16:01,849 - Control - WARNING - No USB serial ports found (Pixhawk)
2026-08-07 13:16:02,863 - Control - WARNING - No USB serial ports found (Pixhawk)
2026-08-07 13:16:03,879 - Control - WARNING - No USB serial ports found (Pixhawk)
2026-08-07 13:16:04,896 - Control - WARNING - No USB serial ports found (Pixhawk)
2026-08-07 13:16:05,909 - Control - WARNING - No USB serial ports found (Pixhawk)
2026-08-07 13:16:06,922 - Control - WARNING - No USB serial ports found (Pixhawk)
2026-08-07 13:16:07,936 - Control - WARNING - No USB serial ports found (Pixhawk)
2026-08-07 13:16:08,949 - Control - WARNING - No USB serial ports found (Pixhawk)
2026-08-07 13:16:09,963 - Control - WARNING - No USB serial ports found (Pixhawk)
2026-08-07 13:16:10,976 - Control - WARNING - No USB serial ports found (Pixhawk)
2026-08-07 13:16:11,990 - Control - WARNING - No USB serial ports found (Pixhawk)
2026-08-07 13:16:13,003 - Control - WARNING - No USB serial ports found (Pixhawk)
2026-08-07 13:16:14,028 - Control - INFO - Available USB ports: ['/dev/ttyACM0']
2026-08-07 13:16:14,028 - Control - WARNING - Failed to connect to Pixhawk on /dev/ttyACM0: [Errno 13] could not open port /dev/ttyACM0: [Errno 13] Permission denied: '/dev/ttyACM0'
2026-08-07 13:16:14,029 - Control - WARNING - Pixhawk not found on any port
2026-08-07 13:16:15,043 - Control - INFO - Available USB ports: ['/dev/ttyACM0']
2026-08-07 13:16:18,055 - Control - WARNING - Failed to connect to Pixhawk on /dev/ttyACM0: device reports readiness to read but returned no data (device disconnected or multiple access on port?)
2026-08-07 13:16:18,056 - Control - WARNING - Pixhawk not found on any port
2026-08-07 13:16:19,067 - Control - INFO - Available USB ports: ['/dev/ttyACM1']
2026-08-07 13:16:19,744 - Control - INFO - Pixhawk found on /dev/ttyACM1
2026-08-07 13:16:19,745 - Control - INFO - Arming motors ...
2026-08-07 13:23:12,158 - MainThread - INFO - Available USB ports: ['/dev/ttyACM1']
2026-08-07 13:23:12,205 - MainThread - INFO - Pixhawk found on /dev/ttyACM1
2026-08-07 13:23:12,206 - MainThread - INFO - Arming motors ...
2026-08-07 13:23:13,214 - MainThread - INFO - Motor Armed!
2026-08-07 13:25:37,052 - MainThread - INFO - Available USB ports: ['/dev/ttyACM1']
2026-08-07 13:25:37,194 - MainThread - INFO - Pixhawk found on /dev/ttyACM1
2026-08-07 13:25:37,195 - MainThread - INFO - Arming motors ...
2026-08-07 13:25:38,201 - MainThread - INFO - Motor Armed!
2026-08-07 13:26:52,941 - MainThread - INFO - Available USB ports: ['/dev/ttyACM1']
2026-08-07 13:26:52,991 - MainThread - INFO - Pixhawk found on /dev/ttyACM1
2026-08-07 13:26:52,992 - MainThread - INFO - Arming motors ...
2026-08-07 13:26:53,999 - MainThread - INFO - Motor Armed!
2026-08-07 13:28:48,291 - MainThread - INFO - Available USB ports: ['/dev/ttyACM1']
2026-08-07 13:28:48,338 - MainThread - INFO - Pixhawk found on /dev/ttyACM1
2026-08-07 13:28:48,339 - MainThread - INFO - Arming motors ...
2026-08-07 13:28:49,347 - MainThread - INFO - Motor Armed!
2026-08-07 13:31:56,419 - MainThread - INFO - Available USB ports: ['/dev/ttyACM1']
2026-08-07 13:31:56,471 - MainThread - INFO - Pixhawk found on /dev/ttyACM1
2026-08-07 13:31:56,473 - MainThread - INFO - Arming motors ...
2026-08-07 13:31:57,481 - MainThread - INFO - Motor Armed!
2026-08-07 13:33:46,784 - MainThread - INFO - Available USB ports: ['/dev/ttyACM1']
2026-08-07 13:33:46,832 - MainThread - INFO - Pixhawk found on /dev/ttyACM1
2026-08-07 13:33:46,833 - MainThread - INFO - Arming motors ...
2026-08-07 13:33:47,842 - MainThread - INFO - Motor Armed!
2026-08-07 13:38:13,490 - MainThread - INFO - Available USB ports: ['/dev/ttyACM1']
2026-08-07 13:38:13,543 - MainThread - INFO - Pixhawk found on /dev/ttyACM1
2026-08-07 13:38:13,544 - MainThread - INFO - Arming motors ...
2026-08-07 13:38:14,551 - MainThread - INFO - Motor Armed!
2026-08-07 13:38:54,388 - MainThread - INFO - Available USB ports: ['/dev/ttyACM1']
2026-08-07 13:38:54,449 - MainThread - INFO - Pixhawk found on /dev/ttyACM1
2026-08-07 13:38:54,450 - MainThread - INFO - Arming motors ...
2026-08-07 13:38:55,460 - MainThread - INFO - Motor Armed!
2026-08-07 13:47:29,613 - MainThread - INFO - Available USB ports: ['/dev/ttyACM1']
2026-08-07 13:47:29,669 - MainThread - INFO - Pixhawk found on /dev/ttyACM1
2026-08-07 13:47:29,670 - MainThread - INFO - Arming motors ...
2026-08-07 13:47:30,682 - MainThread - INFO - Motor Armed!
2026-08-07 13:48:21,906 - MainThread - INFO - Available USB ports: ['/dev/ttyACM1']
2026-08-07 13:48:21,964 - MainThread - INFO - Pixhawk found on /dev/ttyACM1
2026-08-07 13:48:21,965 - MainThread - INFO - Arming motors ...
2026-08-07 13:48:22,978 - MainThread - INFO - Motor Armed!
2026-08-07 13:51:06,561 - MainThread - INFO - Available USB ports: ['/dev/ttyACM1']
2026-08-07 13:51:06,613 - MainThread - INFO - Pixhawk found on /dev/ttyACM1
2026-08-07 13:51:06,616 - MainThread - INFO - Arming motors ...
2026-08-07 13:51:07,625 - MainThread - INFO - Motor Armed!
2026-08-07 13:53:53,434 - MainThread - INFO - Available USB ports: ['/dev/ttyACM1']
2026-08-07 13:53:53,490 - MainThread - INFO - Pixhawk found on /dev/ttyACM1
2026-08-07 13:53:53,491 - MainThread - INFO - Arming motors ...
2026-08-07 13:53:54,496 - MainThread - INFO - Motor Armed!
2026-08-07 13:54:47,846 - MainThread - INFO - Available USB ports: ['/dev/ttyACM1']
2026-08-07 13:54:47,901 - MainThread - INFO - Pixhawk found on /dev/ttyACM1
2026-08-07 13:54:47,902 - MainThread - INFO - Arming motors ...
2026-08-07 13:54:48,913 - MainThread - INFO - Motor Armed!
2026-08-07 13:56:09,425 - MainThread - INFO - Available USB ports: ['/dev/ttyACM1']
2026-08-07 13:56:09,475 - MainThread - INFO - Pixhawk found on /dev/ttyACM1
2026-08-07 13:56:09,479 - MainThread - INFO - Arming motors ...
2026-08-07 13:56:09,555 - MainThread - INFO - Motor Armed!
2026-08-07 14:00:19,465 - MainThread - INFO - Available USB ports: ['/dev/ttyACM1']
2026-08-07 14:00:19,513 - MainThread - INFO - Pixhawk found on /dev/ttyACM1
2026-08-07 14:00:19,513 - MainThread - INFO - Arming motors ...
2026-08-07 14:00:20,521 - MainThread - INFO - Motor Armed!
2026-08-07 16:51:02,593 - Control - INFO - Available USB ports: ['COM4', 'COM3']
